🔴 OpenClaw Kill Switch Initialized
   Press Ctrl+Q twice (within 1 second) to stop all automation
[INFO] ✓ Terminal Activity Monitor initialized 
[INFO] task-engine: restored 4295 tasks, sprint 324, 31527 work-log entries from /media/knight2/EDS2/virtualpc-state/task-state.json 
[INFO] 🚀 Custom Paperclip starting... 
[INFO] 🔴 OpenClaw Emergency Kill Switch active (Ctrl+Q+Q to stop) 
🔴 OpenClaw Kill Switch Initialized
   Press Ctrl+Q twice (within 1 second) to stop all automation
[INFO] 📊 Initializing LightRAG... 
[WARN] ⚠ Neo4j not available - LightRAG running in offline mode (in-memory only) 
[INFO] ✓ LightRAG connected 
[INFO] 📦 Initializing Agent API Wrapper... 
[INFO] ✓ AgentAPIWrapper initialized 
[INFO] ✓ Agent API Wrapper ready (caching + rate limiting) 
[INFO] 🔄 Kafka disabled (development mode) - running single-node 
[INFO] 🤖 Initializing Model Router... 
[INFO] ✓ Model Router initialized - Multi-tier orchestration ready 
[INFO] ✓ Model Router ready (multi-tier orchestration enabled) 
[INFO] 🎯 Registering LightRAG skills... 
[INFO] ✓ Registered 4 LightRAG skills 
[INFO] ✓ Skills registered 
[INFO] 📈 Initializing system managers... 
[INFO] ✓ Task Facilitator initialized (prevents hanging tasks) 
[INFO] ✓ System managers initialized (including Task Facilitator) 
[INFO] 📊 Initializing Numerai + EDB integration... 
[INFO] ✓ Initialized 4 data sources 
[INFO] ✓ Loaded 26 eligible assets 
[INFO] ✓ Numerai components initialized 
[INFO] 📋 Initializing Autonomous Session Manager... 
[INFO] ✓ Autonomous Session Manager ready 
[INFO] 🔐 Initializing Authentication System... 
[INFO] ✓ Auth system initialized with 5 default users 
[INFO] ✓ Auth system, middleware, CEO audit logger, and specialist dashboards ready 
[INFO] 📚 Registering MOLGANG web integration... 
📚 MOLGANG Web Integration: Registering endpoints
[INFO] ✅ MOLGANG Web Integration endpoints registered (12 routes) 
[INFO] ✓ MOLGANG web version integrated (12 endpoints) 
[INFO] ✓ Routes configured 
[INFO] ✓ OpenClaw autonomous command execution enabled 
[INFO] ✓ MOLGANG web version ready for 1M+ students 
[INFO] ✓ Auth routes configured 
[INFO] ✓ Audit routes configured 
[INFO] ✓ Specialist dashboard routes configured 
[INFO] ✓ WebSocket handlers configured 
[INFO] VitalsService: GPU_ENABLED=true 
[INFO] VitalsService: spawned vitals-monitor (pid=511806, 30s) 
[INFO] SelfRepair: mode=observe  budgets idle=600s disk=92% 
[INFO] SelfRepair: ticking every 60000ms 
[INFO] ✓ Vitals/GPU routes wired: /api/vitals, /api/vitals/history, /api/vitals/gpu, /api/vitals/inference-log, /api/vitals/repair-log, POST /api/gpu/{clean,enable,disable}, POST /api/vitals/repair-mode 
[INFO] 
╔════════════════════════════════════════════════╗
║  VirtualPC Ready                               ║
╠════════════════════════════════════════════════╣
║  Status: Running                               ║
║  Port: 3100                                 ║
║  Web UI: http://localhost:3100             ║
║  Components: LightRAG, Kafka, Socket.io        ║
║  Agents: Ready to execute                      ║
╚════════════════════════════════════════════════╝
       
[INFO] 📨 proposal Analyst → Fill: KPI update (185 tokens) 
